2026-09-29 23:49:12,908 INFO rag.ingestion.pipeline - Processing file data\my_docs\aws_support_synthetic.md
2026-09-29 23:49:12,910 INFO rag.ingestion.pipeline - Parsed aws_support_synthetic.md into 1 page(s), 17 chunk(s)
2026-09-29 23:49:12,931 INFO rag.ingestion.vector_store - Created Qdrant collection aws_support_eval_256 (dimension=384)
2026-09-29 23:49:13,063 INFO rag.ingestion.pipeline - Ingestion complete: files=1 succeeded=1 failed=0 created=17 skipped=0 upserted=17
2026-09-29 23:49:13,079 INFO rag.evals - chunk_size=256 recall=1.000 question=Which policy and security controls should be reviewed for an Amazon S3 403 AccessDenied response?
2026-09-29 23:49:13,082 INFO rag.evals - chunk_size=256 recall=1.000 question=What is the difference between an EC2 system status check failure and an instance status check failure?
2026-09-29 23:49:13,084 INFO rag.evals - chunk_size=256 recall=1.000 question=When diagnosing an AWS Lambda timeout, what should be inspected in CloudWatch, X-Ray, downstream latency, VPC or NAT networking, and memory configuration?
2026-09-29 23:49:13,088 INFO rag.evals - chunk_size=256 recall=1.000 question=Why is Amazon RDS Proxy useful for bursty Lambda workloads?
2026-09-29 23:49:13,091 INFO rag.evals - chunk_size=256 recall=1.000 question=Why should frequent CloudFront deployments use versioned object names?
2026-09-29 23:49:13,091 INFO rag.evals - Ragas Context Recall | chunk_size=256 | chunks=17 | top_k=3 | score=1.000
2026-09-29 23:49:13,115 INFO rag.ingestion.pipeline - Processing file data\my_docs\aws_support_synthetic.md
2026-09-29 23:49:13,117 INFO rag.ingestion.pipeline - Parsed aws_support_synthetic.md into 1 page(s), 8 chunk(s)
2026-09-29 23:49:13,134 INFO rag.ingestion.vector_store - Created Qdrant collection aws_support_eval_512 (dimension=384)
2026-09-29 23:49:13,195 INFO rag.ingestion.pipeline - Ingestion complete: files=1 succeeded=1 failed=0 created=8 skipped=0 upserted=8
2026-09-29 23:49:13,200 INFO rag.evals - chunk_size=512 recall=1.000 question=Which policy and security controls should be reviewed for an Amazon S3 403 AccessDenied response?
2026-09-29 23:49:13,202 INFO rag.evals - chunk_size=512 recall=1.000 question=What is the difference between an EC2 system status check failure and an instance status check failure?
2026-09-29 23:49:13,205 INFO rag.evals - chunk_size=512 recall=1.000 question=When diagnosing an AWS Lambda timeout, what should be inspected in CloudWatch, X-Ray, downstream latency, VPC or NAT networking, and memory configuration?
2026-09-29 23:49:13,207 INFO rag.evals - chunk_size=512 recall=1.000 question=Why is Amazon RDS Proxy useful for bursty Lambda workloads?
2026-09-29 23:49:13,210 INFO rag.evals - chunk_size=512 recall=1.000 question=Why should frequent CloudFront deployments use versioned object names?
2026-09-29 23:49:13,210 INFO rag.evals - Ragas Context Recall | chunk_size=512 | chunks=8 | top_k=3 | score=1.000
2026-09-29 23:49:13,212 INFO rag.evals - Wrote evaluation report to evals\remediation_ragas_results.json
